Crashing.AddFailsBeforeCrash
Crashing.AddFailsWith√úmlautBeforeCrash
Crashing.AddPassesBeforeCrash
Crashing.TheCrash
Crashing.AddFailsAfterCrash
Crashing.AddPassesAfterCrash
Crashing.LongRunning